// Jest Snapshot v1, https://goo.gl/fbAQLP

exports[`renders without crashing 1`] = `
<div
  className="App"
>
  <div
    className="App-header"
  >
    <h2>
      Welcome to React
    </h2>
  </div>
  <p
    className="App-intro"
  >
    To get started, edit 
    <code>
      src/App.js
    </code>
     and save to reload.
  </p>
  <div
    className="wrap"
  >
    <input
      className="input"
      disabled={false}
      id={undefined}
      maxLength={9999}
      name="input field name is"
      onChange={[Function]}
      placeholder="Enter your name"
      type="text"
      value={undefined}
    />
  </div>
  <button
    className="btn large"
    disabled={false}
    onClick={[Function]}
    type="button"
  >
    Button Exist HERE
  </button>
</div>
`;
