// Jest Snapshot v1, https://goo.gl/fbAQLP

exports[`renders without crashing 1`] = `
<div>
  <div
    className="App-header App"
  >
    <h2>
      Welcome to React
    </h2>
    <h3>
      Best Practise for writing react components (Atomic design)
    </h3>
  </div>
  <div>
    <label
      className="vertical"
    >
      Username
    </label>
    <div
      className="wrap"
    >
      <input
        className="input"
        disabled={false}
        id={undefined}
        maxLength={9999}
        name={undefined}
        onChange={[Function]}
        placeholder="Enter your name"
        type="text"
        value={undefined}
      />
    </div>
    <button
      className="btn small secondary"
      disabled={false}
      onClick={[Function]}
      type="button"
    >
      Submit
    </button>
  </div>
</div>
`;
